---
source: crates/rattler_shell/src/lib.rs
expression: script
---
export PATH="__PREFIX__/bin:/usr/bin:/bin:/usr/sbin:/sbin:/usr/local/bin"
export CONDA_PREFIX="__PREFIX__"
