---
source: crates/rattler_shell/src/lib.rs
expression: script
---
set -gx PATH "__PREFIX__/bin:/usr/bin:/bin:/usr/sbin:/sbin:/usr/local/bin"
set -gx CONDA_PREFIX "__PREFIX__"
