---
source: crates/rattler_shell/src/lib.rs
expression: script
---
$Env:PATH = "__PREFIX__/bin:/usr/bin:/bin:/usr/sbin:/sbin:/usr/local/bin"
$Env:CONDA_PREFIX = "__PREFIX__"

